// Jest Snapshot v1, https://goo.gl/fbAQLP

exports[`PopoutToggle should render 1`] = `
<div>
  <button
    class="nz-widget-popoutToggle"
  >
    <i
      class="icon core-svg-icon"
    >
      <div>
        <svg-loader
          src="/ui/appui-layout-react/lib/cjs/appui-layout-react/widget/window-popout.svg"
        />
      </div>
    </i>
  </button>
</div>
`;
