// Jest Snapshot v1, https://goo.gl/fbAQLP

exports[`WidgetTab should render active 1`] = `
<div
  class="nz-widget-tab nz-active"
  data-item-id="t1"
  data-item-type="widget-tab"
  role="tab"
  tabindex="0"
  title=""
>
  <span />
  <div
    class="nz-target-tabTarget nz-hidden"
  />
</div>
`;

exports[`WidgetTab should render badge 1`] = `
<div
  class="nz-widget-tab nz-active"
  data-item-id="t1"
  data-item-type="widget-tab"
  role="tab"
  tabindex="0"
  title=""
>
  <span />
  <div
    class="nz-badge"
  >
    Badge
  </div>
  <div
    class="nz-target-tabTarget nz-hidden"
  />
</div>
`;

exports[`WidgetTab should render first inactive 1`] = `
<div
  class="nz-widget-tab nz-active nz-first-inactive"
  data-item-id="t1"
  data-item-type="widget-tab"
  role="tab"
  tabindex="0"
  title=""
>
  <span />
  <div
    class="nz-target-tabTarget nz-hidden"
  />
</div>
`;

exports[`WidgetTab should render last not overflown 1`] = `
<div
  class="nz-widget-tab nz-active"
  data-item-id="t1"
  data-item-type="widget-tab"
  role="tab"
  tabindex="0"
  title=""
>
  <span />
  <div
    class="nz-target-tabTarget nz-hidden"
  />
</div>
`;

exports[`WidgetTab should render minimized 1`] = `
<div
  class="nz-widget-tab nz-active nz-minimized"
  data-item-id="t1"
  data-item-type="widget-tab"
  role="tab"
  tabindex="0"
  title=""
>
  <span />
  <div
    class="nz-target-tabTarget nz-hidden"
  />
</div>
`;

exports[`WidgetTab should render tab with icon only 1`] = `
<div
  class="nz-widget-tab nz-active"
  data-item-id="t1"
  data-item-type="widget-tab"
  role="tab"
  tabindex="0"
  title=""
>
  <i
    class="icon core-svg-icon"
  >
    <svg
      fill="var(--iui-color-icon-muted, currentColor)"
      height="1rem"
      viewBox="0 0 16 16"
      width="1rem"
    >
      <path
        d="M0 0v16h16V0zm14.857 1.943v12.114L8.8 8zM8 7.2L1.943 1.143h12.114zm-.8.8l-6.057 6.057V1.943zm.8.8l6.057 6.057H1.943z"
      />
    </svg>
  </i>
  <div
    class="nz-target-tabTarget nz-hidden"
  />
</div>
`;

exports[`WidgetTab should render tab with text and icon 1`] = `
<div
  class="nz-widget-tab nz-active"
  data-item-id="t1"
  data-item-type="widget-tab"
  role="tab"
  tabindex="0"
  title=""
>
  <i
    class="icon core-svg-icon"
  >
    <svg
      fill="var(--iui-color-icon-muted, currentColor)"
      height="1rem"
      viewBox="0 0 16 16"
      width="1rem"
    >
      <path
        d="M0 0v16h16V0zm14.857 1.943v12.114L8.8 8zM8 7.2L1.943 1.143h12.114zm-.8.8l-6.057 6.057V1.943zm.8.8l6.057 6.057H1.943z"
      />
    </svg>
  </i>
  <span />
  <div
    class="nz-target-tabTarget nz-hidden"
  />
</div>
`;
