// Jest Snapshot v1, https://goo.gl/fbAQLP

exports[`WidgetPanels should render 1`] = `
<div
  class="nz-widgetPanels-panels"
>
  <div
    class="nz-widgetPanels-content nz-pinned-left nz-pinned-right nz-pinned-top nz-pinned-bottom nz-widgetPanels-appContent"
  />
  <div
    class="nz-widgetPanels-content nz-pinned-left nz-pinned-right nz-pinned-top nz-pinned-bottom nz-widgetPanels-centerContent"
  />
  <div
    class="nz-target-targetContainer nz-vertical nz-target-panelTargets nz-left"
  >
    <div
      class="nz-target-panelTarget nz-vertical nz-hidden"
    />
  </div>
  <div
    class="nz-outline-panelOutline nz-hidden nz-left"
    style="width: 200px;"
  />
  <div
    class="nz-target-targetContainer nz-vertical nz-target-panelTargets nz-right"
  >
    <div
      class="nz-target-panelTarget nz-vertical nz-hidden"
    />
  </div>
  <div
    class="nz-outline-panelOutline nz-hidden nz-right"
    style="width: 200px;"
  />
  <div
    class="nz-target-targetContainer nz-horizontal nz-target-panelTargets nz-top nz-span"
  >
    <div
      class="nz-target-panelTarget nz-horizontal nz-hidden"
    />
  </div>
  <div
    class="nz-outline-panelOutline nz-hidden nz-top nz-span"
    style="height: 100px;"
  />
  <div
    class="nz-target-targetContainer nz-horizontal nz-target-panelTargets nz-bottom nz-span"
  >
    <div
      class="nz-target-panelTarget nz-horizontal nz-hidden"
    />
  </div>
  <div
    class="nz-outline-panelOutline nz-hidden nz-bottom nz-span"
    style="height: 100px;"
  />
</div>
`;
