// Jest Snapshot v1, https://goo.gl/fbAQLP

exports[`PanelWidget should render 1`] = `
<div
  class="nz-widget-widget nz-widget-panelWidget nz-fill nz-border-top nz-border-left nz-border-right"
>
  <div
    class="nz-widget-tabBar nz-separator"
  >
    <div
      class="nz-handle"
    />
    <div
      class="nz-widget-tabs"
      role="tablist"
    >
      <div
        class="nz-widget-tab nz-active nz-first nz-last"
        data-item-id="t1"
        data-item-type="widget-tab"
        role="tab"
        tabindex="0"
        title=""
      >
        <span />
        <div
          class="nz-target-tabTarget nz-hidden"
        />
      </div>
      <div
        class="nz-target-titleBarTarget nz-hidden"
      >
        <div
          class="nz-outline-tabOutline nz-hidden"
        />
      </div>
      <div
        class="nz-widget-overflow nz-hidden"
      >
        <div
          class="nz-button"
          role="button"
          tabindex="-1"
        >
          <div
            class="nz-icon"
          />
        </div>
      </div>
    </div>
    <div
      class="nz-widget-buttons"
    >
      <button
        class="iui-button"
        data-iui-size="small"
        data-iui-variant="borderless"
        type="button"
      >
        <span
          aria-hidden="true"
          class="iui-button-icon"
        >
          <svg
            fill="var(--iui-color-icon-muted, currentColor)"
            height="1rem"
            viewBox="0 0 16 16"
            width="1rem"
          >
            <path
              d="M10.5 0a3.905 3.905 0 00-1.466 3.051c0 .097.007.192.014.287L6.8 5.586a4.806 4.806 0 00-4.773 1.601l2.942 2.941L0 15.097V16h.903l4.969-4.969 2.94 2.941A4.806 4.806 0 0010.415 9.2l2.248-2.248c.095.007.19.014.287.014A3.905 3.905 0 0016 5.501z"
            />
          </svg>
        </span>
      </button>
    </div>
  </div>
  <div
    class="nz-widget-contentContainer"
  >
    <div
      class="nz-content"
    />
    <div
      class="nz-outline-widgetOutline nz-hidden"
    />
  </div>
</div>
`;

exports[`PanelWidget should render horizontal with fit-content 1`] = `
<div
  class="nz-widget-widget nz-widget-panelWidget nz-horizontal nz-fit nz-border-top nz-border-bottom nz-border-left nz-border-right"
>
  <div
    class="nz-widget-tabBar nz-separator"
  >
    <div
      class="nz-handle"
    />
    <div
      class="nz-widget-tabs"
      role="tablist"
    >
      <div
        class="nz-widget-tab nz-active nz-first nz-last"
        data-item-id="t1"
        data-item-type="widget-tab"
        role="tab"
        tabindex="0"
        title=""
      >
        <span />
        <div
          class="nz-target-tabTarget nz-hidden"
        />
      </div>
      <div
        class="nz-target-titleBarTarget nz-hidden"
      >
        <div
          class="nz-outline-tabOutline nz-hidden"
        />
      </div>
      <div
        class="nz-widget-overflow nz-hidden"
      >
        <div
          class="nz-button"
          role="button"
          tabindex="-1"
        >
          <div
            class="nz-icon"
          />
        </div>
      </div>
    </div>
    <div
      class="nz-widget-buttons"
    />
  </div>
  <div
    class="nz-widget-contentContainer"
  >
    <div
      class="nz-content"
    />
    <div
      class="nz-target-targetContainer nz-horizontal nz-target-widgetTarget"
    >
      <div
        class="nz-target-mergeTarget nz-hidden"
      />
    </div>
    <div
      class="nz-outline-widgetOutline nz-hidden"
    />
  </div>
</div>
`;

exports[`PanelWidget should render minimized 1`] = `
<div
  class="nz-widget-widget nz-widget-panelWidget nz-minimized nz-border-top nz-border-left nz-border-right"
>
  <div
    class="nz-widget-tabBar"
  >
    <div
      class="nz-handle"
    />
    <div
      class="nz-widget-tabs"
      role="tablist"
    >
      <div
        class="nz-widget-tab nz-active nz-first nz-last"
        data-item-id="t1"
        data-item-type="widget-tab"
        role="tab"
        tabindex="0"
        title=""
      >
        <span />
        <div
          class="nz-target-tabTarget nz-hidden"
        />
      </div>
      <div
        class="nz-target-titleBarTarget nz-hidden"
      >
        <div
          class="nz-outline-tabOutline nz-hidden"
        />
      </div>
      <div
        class="nz-widget-overflow nz-hidden"
      >
        <div
          class="nz-button"
          role="button"
          tabindex="-1"
        >
          <div
            class="nz-icon"
          />
        </div>
      </div>
    </div>
    <div
      class="nz-widget-buttons"
    >
      <button
        class="iui-button"
        data-iui-size="small"
        data-iui-variant="borderless"
        type="button"
      >
        <span
          aria-hidden="true"
          class="iui-button-icon"
        >
          <svg
            fill="var(--iui-color-icon-muted, currentColor)"
            height="1rem"
            viewBox="0 0 16 16"
            width="1rem"
          >
            <path
              d="M10.5 0a3.905 3.905 0 00-1.466 3.051c0 .097.007.192.014.287L6.8 5.586a4.806 4.806 0 00-4.773 1.601l2.942 2.941L0 15.097V16h.903l4.969-4.969 2.94 2.941A4.806 4.806 0 0010.415 9.2l2.248-2.248c.095.007.19.014.287.014A3.905 3.905 0 0016 5.501z"
            />
          </svg>
        </span>
      </button>
    </div>
  </div>
  <div
    class="nz-widget-contentContainer"
  >
    <div
      class="nz-content"
    />
    <div
      class="nz-outline-widgetOutline nz-hidden"
    />
  </div>
</div>
`;

exports[`PanelWidget should render with fit-content 1`] = `
<div
  class="nz-widget-widget nz-widget-panelWidget nz-fit nz-border-top nz-border-bottom nz-border-left nz-border-right"
>
  <div
    class="nz-widget-tabBar nz-separator"
  >
    <div
      class="nz-handle"
    />
    <div
      class="nz-widget-tabs"
      role="tablist"
    >
      <div
        class="nz-widget-tab nz-active nz-first nz-last"
        data-item-id="t1"
        data-item-type="widget-tab"
        role="tab"
        tabindex="0"
        title=""
      >
        <span />
        <div
          class="nz-target-tabTarget nz-hidden"
        />
      </div>
      <div
        class="nz-target-titleBarTarget nz-hidden"
      >
        <div
          class="nz-outline-tabOutline nz-hidden"
        />
      </div>
      <div
        class="nz-widget-overflow nz-hidden"
      >
        <div
          class="nz-button"
          role="button"
          tabindex="-1"
        >
          <div
            class="nz-icon"
          />
        </div>
      </div>
    </div>
    <div
      class="nz-widget-buttons"
    >
      <button
        class="iui-button"
        data-iui-size="small"
        data-iui-variant="borderless"
        type="button"
      >
        <span
          aria-hidden="true"
          class="iui-button-icon"
        >
          <svg
            fill="var(--iui-color-icon-muted, currentColor)"
            height="1rem"
            viewBox="0 0 16 16"
            width="1rem"
          >
            <path
              d="M10.5 0a3.905 3.905 0 00-1.466 3.051c0 .097.007.192.014.287L6.8 5.586a4.806 4.806 0 00-4.773 1.601l2.942 2.941L0 15.097V16h.903l4.969-4.969 2.94 2.941A4.806 4.806 0 0010.415 9.2l2.248-2.248c.095.007.19.014.287.014A3.905 3.905 0 0016 5.501z"
            />
          </svg>
        </span>
      </button>
    </div>
  </div>
  <div
    class="nz-widget-contentContainer"
  >
    <div
      class="nz-content"
    />
    <div
      class="nz-target-targetContainer nz-horizontal nz-target-widgetTarget"
    >
      <div
        class="nz-target-mergeTarget nz-hidden"
      />
    </div>
    <div
      class="nz-outline-widgetOutline nz-hidden"
    />
  </div>
</div>
`;
