// Jest Snapshot v1, https://goo.gl/fbAQLP

exports[`SendBack should render 1`] = `
<button
  class="iui-button nz-widget-sendBack"
  data-iui-size="small"
  data-iui-variant="borderless"
  type="button"
>
  <span>
    <svg
      fill="var(--iui-color-icon-muted, currentColor)"
      height="1rem"
      viewBox="0 0 16 16"
      width="1rem"
    >
      <path
        d="M0 2v12h16V2zm15 11H5V3h10z"
      />
    </svg>
  </span>
</button>
`;
