// Jest Snapshot v1, https://goo.gl/fbAQLP

exports[`Frontstage local storage wrapper ModalFrontstageComposer initializeNineZoneState should initialize widgets 1`] = `
Object {
  "draggedTab": undefined,
  "floatingWidgets": Object {
    "allIds": Array [],
    "byId": Object {},
  },
  "panels": Object {
    "bottom": Object {
      "collapseOffset": 100,
      "collapsed": false,
      "maxSize": 600,
      "maxWidgetCount": 2,
      "minSize": 100,
      "pinned": true,
      "resizable": true,
      "side": "bottom",
      "size": undefined,
      "span": true,
      "splitterPercent": 50,
      "widgets": Array [],
    },
    "left": Object {
      "collapseOffset": 100,
      "collapsed": false,
      "maxSize": 600,
      "maxWidgetCount": 2,
      "minSize": 200,
      "pinned": true,
      "resizable": true,
      "side": "left",
      "size": undefined,
      "splitterPercent": 50,
      "widgets": Array [],
    },
    "right": Object {
      "collapseOffset": 100,
      "collapsed": false,
      "maxSize": 600,
      "maxWidgetCount": 2,
      "minSize": 200,
      "pinned": true,
      "resizable": true,
      "side": "right",
      "size": undefined,
      "splitterPercent": 50,
      "widgets": Array [],
    },
    "top": Object {
      "collapseOffset": 100,
      "collapsed": false,
      "maxSize": 600,
      "maxWidgetCount": 2,
      "minSize": 100,
      "pinned": true,
      "resizable": true,
      "side": "top",
      "size": undefined,
      "span": true,
      "splitterPercent": 50,
      "widgets": Array [],
    },
  },
  "popoutWidgets": Object {
    "allIds": Array [],
    "byId": Object {},
  },
  "savedTabs": Object {
    "allIds": Array [],
    "byId": Object {},
  },
  "size": Object {
    "height": 0,
    "width": 0,
  },
  "tabs": Object {},
  "toolSettings": undefined,
  "widgets": Object {},
}
`;

exports[`Frontstage local storage wrapper ModalFrontstageComposer packNineZoneState should remove labels 1`] = `
Object {
  "draggedTab": undefined,
  "floatingWidgets": Object {
    "allIds": Array [
      "w1",
    ],
    "byId": Object {
      "w1": Object {
        "bounds": Object {
          "bottom": 140,
          "left": 20,
          "right": 220,
          "top": 20,
        },
        "home": Object {
          "side": "left",
          "widgetId": "",
          "widgetIndex": 0,
        },
        "id": "w1",
        "resizable": undefined,
      },
    },
  },
  "panels": Object {
    "bottom": Object {
      "collapseOffset": 100,
      "collapsed": false,
      "maxSize": 600,
      "maxWidgetCount": 2,
      "minSize": 100,
      "pinned": true,
      "resizable": true,
      "side": "bottom",
      "size": undefined,
      "span": true,
      "splitterPercent": 50,
      "widgets": Array [],
    },
    "left": Object {
      "collapseOffset": 100,
      "collapsed": false,
      "maxSize": 600,
      "maxWidgetCount": 2,
      "minSize": 200,
      "pinned": true,
      "resizable": true,
      "side": "left",
      "size": undefined,
      "splitterPercent": 50,
      "widgets": Array [],
    },
    "right": Object {
      "collapseOffset": 100,
      "collapsed": false,
      "maxSize": 600,
      "maxWidgetCount": 2,
      "minSize": 200,
      "pinned": true,
      "resizable": true,
      "side": "right",
      "size": undefined,
      "splitterPercent": 50,
      "widgets": Array [],
    },
    "top": Object {
      "collapseOffset": 100,
      "collapsed": false,
      "maxSize": 600,
      "maxWidgetCount": 2,
      "minSize": 100,
      "pinned": true,
      "resizable": true,
      "side": "top",
      "size": undefined,
      "span": true,
      "splitterPercent": 50,
      "widgets": Array [],
    },
  },
  "popoutWidgets": Object {
    "allIds": Array [],
    "byId": Object {},
  },
  "savedTabs": Object {
    "allIds": Array [],
    "byId": Object {},
  },
  "size": Object {
    "height": 0,
    "width": 0,
  },
  "tabs": Object {
    "t1": Object {
      "id": "t1",
      "preferredFloatingWidgetSize": undefined,
      "userSized": undefined,
    },
    "t2": Object {
      "id": "t2",
      "preferredFloatingWidgetSize": undefined,
      "userSized": undefined,
    },
  },
  "toolSettings": undefined,
  "widgets": Object {
    "w1": Object {
      "activeTabId": "t1",
      "id": "w1",
      "minimized": false,
      "tabs": Array [
        "t1",
      ],
    },
  },
}
`;

exports[`Frontstage local storage wrapper ModalFrontstageComposer restoreNineZoneState should log info if widgetDef is not found 1`] = `
Object {
  "frontstageId": "",
  "tabId": "t1",
}
`;

exports[`Frontstage local storage wrapper ModalFrontstageComposer restoreNineZoneState should restore tabs 1`] = `
Object {
  "draggedTab": undefined,
  "floatingWidgets": Object {
    "allIds": Array [],
    "byId": Object {},
  },
  "panels": Object {
    "bottom": Object {
      "collapseOffset": 100,
      "collapsed": false,
      "maxSize": 600,
      "maxWidgetCount": 2,
      "minSize": 100,
      "pinned": true,
      "resizable": true,
      "side": "bottom",
      "size": undefined,
      "span": true,
      "splitterPercent": 50,
      "widgets": Array [],
    },
    "left": Object {
      "collapseOffset": 100,
      "collapsed": false,
      "maxSize": 600,
      "maxWidgetCount": 2,
      "minSize": 200,
      "pinned": true,
      "resizable": true,
      "side": "left",
      "size": undefined,
      "splitterPercent": 50,
      "widgets": Array [],
    },
    "right": Object {
      "collapseOffset": 100,
      "collapsed": false,
      "maxSize": 600,
      "maxWidgetCount": 2,
      "minSize": 200,
      "pinned": true,
      "resizable": true,
      "side": "right",
      "size": undefined,
      "splitterPercent": 50,
      "widgets": Array [],
    },
    "top": Object {
      "collapseOffset": 100,
      "collapsed": false,
      "maxSize": 600,
      "maxWidgetCount": 2,
      "minSize": 100,
      "pinned": true,
      "resizable": true,
      "side": "top",
      "size": undefined,
      "span": true,
      "splitterPercent": 50,
      "widgets": Array [],
    },
  },
  "popoutWidgets": Object {
    "allIds": Array [],
    "byId": Object {},
  },
  "savedTabs": Object {
    "allIds": Array [],
    "byId": Object {},
  },
  "size": Object {
    "height": 0,
    "width": 0,
  },
  "tabs": Object {
    "t1": Object {
      "allowedPanelTargets": undefined,
      "canPopout": undefined,
      "hideWithUiWhenFloating": false,
      "iconSpec": undefined,
      "id": "t1",
      "isFloatingWidgetResizable": true,
      "label": "Widget",
      "preferredFloatingWidgetSize": undefined,
      "preferredPanelWidgetSize": undefined,
    },
  },
  "toolSettings": undefined,
  "widgets": Object {},
}
`;

exports[`Frontstage local storage wrapper ModalFrontstageComposer useSavedFrontstageState should load saved nineZoneState 1`] = `
Object {
  "draggedTab": undefined,
  "floatingWidgets": Object {
    "allIds": Array [],
    "byId": Object {},
  },
  "panels": Object {
    "bottom": Object {
      "collapseOffset": 100,
      "collapsed": false,
      "maxSize": 600,
      "maxWidgetCount": 2,
      "minSize": 100,
      "pinned": true,
      "resizable": true,
      "side": "bottom",
      "size": undefined,
      "span": true,
      "splitterPercent": 50,
      "widgets": Array [],
    },
    "left": Object {
      "collapseOffset": 100,
      "collapsed": false,
      "maxSize": 600,
      "maxWidgetCount": 2,
      "minSize": 200,
      "pinned": true,
      "resizable": true,
      "side": "left",
      "size": undefined,
      "splitterPercent": 50,
      "widgets": Array [],
    },
    "right": Object {
      "collapseOffset": 100,
      "collapsed": false,
      "maxSize": 600,
      "maxWidgetCount": 2,
      "minSize": 200,
      "pinned": true,
      "resizable": true,
      "side": "right",
      "size": undefined,
      "splitterPercent": 50,
      "widgets": Array [],
    },
    "top": Object {
      "collapseOffset": 100,
      "collapsed": false,
      "maxSize": 600,
      "maxWidgetCount": 2,
      "minSize": 100,
      "pinned": true,
      "resizable": true,
      "side": "top",
      "size": undefined,
      "span": true,
      "splitterPercent": 50,
      "widgets": Array [],
    },
  },
  "popoutWidgets": Object {
    "allIds": Array [],
    "byId": Object {},
  },
  "savedTabs": Object {
    "allIds": Array [],
    "byId": Object {},
  },
  "size": Object {
    "height": 0,
    "width": 0,
  },
  "tabs": Object {},
  "toolSettings": undefined,
  "widgets": Object {},
}
`;
