// Jest Snapshot v1, https://goo.gl/fbAQLP

exports[`ToolSettingsContent should render (Floating Widget mode) 1`] = `
<div
  class="nz-floating-toolsettings"
  style="visibility: visible;"
>
  <div
    class="uifw-floating-toolsettings-container"
    data-toolsettings-provider="ToolUiProviderMock[test]"
  >
    <div
      class="nz-widget-content"
      data-item-type="widget-content"
    >
      <div>
        Hello World
      </div>
    </div>
  </div>
</div>
`;

exports[`ToolSettingsDockedContent should render settings 1`] = `
<div
  class="nz-toolSettings-docked"
  data-toolsettings-provider="ToolUiProviderMock[test]"
>
  <div
    class="nz-toolSettings-handle"
  >
    <svg
      fill="var(--iui-color-icon-muted, currentColor)"
      height="1rem"
      viewBox="0 0 16 16"
      width="1rem"
    >
      <path
        d="M7 4a1 1 0 11-2 0 1 1 0 012 0zM6 7a1 1 0 100 2 1 1 0 000-2zm0 4a1 1 0 100 2 1 1 0 000-2zm5-7a1 1 0 11-2 0 1 1 0 012 0zm-1 3a1 1 0 100 2 1 1 0 000-2zm0 4a1 1 0 100 2 1 1 0 000-2z"
      />
    </svg>
  </div>
  <div>
    <div
      class="nz-toolSettings-setting"
    >
      <div
        class="uif-toolsetting-label-docked-horizontal"
      >
        Date
      </div>
      <input
        type="date"
      />
    </div>
  </div>
</div>
`;

exports[`WidgetPanelsToolSettings should render 1`] = `
<div
  class="nz-toolSettings-docked"
  data-toolsettings-provider="none"
>
  <div
    class="nz-toolSettings-handle"
  >
    <svg
      fill="var(--iui-color-icon-muted, currentColor)"
      height="1rem"
      viewBox="0 0 16 16"
      width="1rem"
    >
      <path
        d="M7 4a1 1 0 11-2 0 1 1 0 012 0zM6 7a1 1 0 100 2 1 1 0 000-2zm0 4a1 1 0 100 2 1 1 0 000-2zm5-7a1 1 0 11-2 0 1 1 0 012 0zm-1 3a1 1 0 100 2 1 1 0 000-2zm0 4a1 1 0 100 2 1 1 0 000-2z"
      />
    </svg>
  </div>
  <div>
    <div
      class="nz-toolSettings-setting"
    >
      <div
        class="uif-toolsetting-label-docked-horizontal"
      >
        <div
          class="uif-toolsetting-label-docked-horizontal-empty"
        >
          tools.noToolSettingsStart
          tools.noToolSettingsPlaceholderName
          tools.noToolSettingsEnd
        </div>
      </div>
      <div />
    </div>
  </div>
</div>
`;
