// Jest Snapshot v1, https://goo.gl/fbAQLP

exports[`ToolSettingsContent should render (Floating Widget mode) 1`] = `
<div
  class="nz-floating-toolsettings"
  style="visibility: visible;"
>
  <div
    class="uifw-floating-toolsettings-container"
    data-toolsettings-provider="ToolUiProviderMock[test]"
  >
    <div
      class="nz-widget-content"
      data-item-type="widget-content"
    >
      <div>
        Hello World
      </div>
    </div>
  </div>
</div>
`;
